
VibrationPanel 鈥?褰㈢姸瀵规瘮閫昏緫
  鉁?鏋勯€犲嚱鏁板垵濮嬪寲鎵€鏈夋柊灞炴€?  鉁?syncShapeRadio锛氳缃畆adio checked鐘舵€?  鉁?formatValue锛氭甯告暟鍊兼牸寮忓寲
  鉁?formatValue锛歯ull/undefined杩斿洖--
  鉁?formatValue锛氬瓧绗︿覆鏁板瓧姝ｅ父瑙ｆ瀽
  鉁?formatValue锛歂aN杩斿洖--

VibrationPanel 鈥?褰㈢姸瀵规瘮fallback璁＄畻
  鉁?_renderShapeCompareFallback锛氫娇鐢ㄧ憺鍒╁叕寮忚绠楀渾褰㈤鐜?
VibrationPanel 鈥?璺ㄦ椂浠ｅ姣攆allback
  鉁?_renderCrossEraFallback锛?缁撮浄杈炬暟鎹畬鏁?
VibrationPanel 鈥?鎽╂摝鍔涘垎鏋恌allback璁＄畻
  鉁?_renderFrictionFallback锛歋tribeck鏇茬嚎10涓偣
  鉁?_renderFrictionFallback锛氬垏鍚戝姏 = 渭_eff 脳 N

VibrationPanel 鈥?_updateFrictionMetrics 铏氭嫙浜や簰
  鉁?姝ｅ父鎽╂摝鎸囨爣鏇存柊
  鉁?null/undefined鎸囨爣鏄剧ず--
  鉁?闆堕€熷害鎸囨爣姝ｅ父鏄剧ず

VibrationPanel 鈥?铏氭嫙浜や簰瓒ｅ懗鎬ч獙璇?  鉁?浣庨€熸懇鎿?v=0.3)锛氶鐜団増216Hz 2闃舵ā鎬?  鉁?涓€熸懇鎿?v=1.0)锛氶鐜団増370Hz 3闃舵ā鎬?  鉁?楂橀€熸懇鎿?v=2.0)锛氶鐜団増590Hz 4闃舵ā鎬?  鉁?鍠锋按楂樺害闅忛€熷害閫掑锛歷=0鈫?cm, v=1鈫?7cm
  鉁?鎸箙闅忛€熷害閫掑
  鉁?鏋佺楂橀€焩=10锛氶鐜?350Hz 4闃舵ā鎬?涓婇檺)

VibrationPanel 鈥?Tab鍒囨崲閫昏緫
  鉁?initTabs锛氬垏鎹ab鏇存柊currentTab

VibrationPanel 鈥?瑙﹁鍙嶉妯℃嫙
  鉁?鏋勯€犲嚱鏁板垵濮嬪寲瑙﹁鍙嶉灞炴€?  鉁?_triggerHapticFeedback锛氫綆閫熸懇鎿︿骇鐢熷井闇囨ā寮?    鏄剧ず寮哄害
  鉁?_triggerHapticFeedback锛氫腑閫熸懇鎿︿骇鐢熼夯閰ユ劅妯″紡
  鉁?_triggerHapticFeedback锛氶珮閫熸懇鎿︿骇鐢熷己闇囨ā寮?  鉁?_triggerHapticFeedback锛氬柗姘撮槇鍊肩獊鐮磋Е鍙戠壒娈婇渿鍔?  鉁?_triggerHapticFeedback锛氭湭鎷栨嫿鏃跺仠姝㈣Е瑙夊弽棣?  鉁?_stopHapticFeedback锛氭纭仠姝㈤渿鍔ㄥ苟閲嶇疆鐘舵€?  鉁?瑙﹁鍙嶉绂佺敤鏃朵笉瑙﹀彂闇囧姩
  鉁?setHapticIntensity锛氭纭檺鍒跺己搴﹁寖鍥?-1
  鉁?瑙﹁鍙嶉涓嶆敮鎸佹椂闄嶇骇涓烘ā鎷熷弽棣?    鏄剧ず妯℃嫙鍙嶉
  鉁?瑙﹁寮哄害闅忛€熷害閫掑

鈺愨晲鈺愨晲鈺愨晲鈺愨晲鈺愨晲鈺愨晲鈺愨晲鈺愨晲鈺愨晲鈺愨晲鈺愨晲鈺愨晲鈺愨晲鈺愨晲鈺愨晲鈺愨晲鈺愨晲鈺愨晲鈺愨晲
  鍓嶇娴嬭瘯缁撴灉锛?9/31 閫氳繃
  澶辫触锛?
鈺愨晲鈺愨晲鈺愨晲鈺愨晲鈺愨晲鈺愨晲鈺愨晲鈺愨晲鈺愨晲鈺愨晲鈺愨晲鈺愨晲鈺愨晲鈺愨晲鈺愨晲鈺愨晲鈺愨晲鈺愨晲鈺愨晲
